// Jest Snapshot v1, https://goo.gl/fbAQLP

exports[`matches snapshot 1`] = `
<Fragment>
  <p />
  <p>
    <select
      onChange={[Function]}
      value="undefined"
    >
      <option
        value="undefined"
      >
        All providers
      </option>
    </select>
  </p>
</Fragment>
`;
