// Jest Snapshot v1, https://goo.gl/fbAQLP

exports[`matches snapshot 1`] = `
<ul>
  <li
    key="0"
  >
    <Link
      href="https://www.linkedin.com/in/loginov-rocks/"
    >
      LinkedIn
    </Link>
  </li>
  <li
    key="1"
  >
    <Link
      href="https://github.com/loginov-rocks"
    >
      GitHub
    </Link>
  </li>
  <li
    key="2"
  >
    <Link
      href="https://loginov-rocks.medium.com/"
    >
      Medium
    </Link>
  </li>
  <li
    key="3"
  >
    <Link
      href="https://www.drive2.com/r/toyota/chaser/288230376151952785/"
    >
      DRIVE2
    </Link>
     
    â€” my Toyota Chaser GX71 blog, originally
     
    <Link
      href="https://www.drive2.ru/r/toyota/chaser/288230376151952785/"
    >
      in Russian
    </Link>
  </li>
  <li
    key="4"
  >
    <Link
      href="https://www.instagram.com/loginov_rocks/"
    >
      Instagram
    </Link>
  </li>
  <li
    key="5"
  >
    <Link
      href="https://www.facebook.com/danila.rocks"
    >
      Facebook
    </Link>
  </li>
  <li
    key="6"
  >
    <Link
      href="https://twitter.com/loginov_rocks"
    >
      Twitter
    </Link>
  </li>
  <li
    key="7"
  >
    <Link
      href="https://www.npmjs.com/~loginov-rocks"
    >
      npm
    </Link>
  </li>
  <li
    key="8"
  >
    <Link
      href="https://stackoverflow.com/users/5021580/danila-loginov"
    >
      Stack Overflow
    </Link>
  </li>
  <li
    key="9"
  >
    <Link
      href="https://vk.com/danilaloginov"
    >
      vk
    </Link>
  </li>
  <li
    key="10"
  >
    <Link
      href="https://www.youtube.com/c/DanilaLoginov"
    >
      YouTube
    </Link>
  </li>
</ul>
`;
