// Jest Snapshot v1, https://goo.gl/fbAQLP

exports[`matches snapshot 1`] = `
<ExternalLink
  href="https://www.linkedin.com/in/loginov-rocks/"
>
  LinkedIn
</ExternalLink>
`;
