// Jest Snapshot v1, https://goo.gl/fbAQLP

exports[`matches snapshot 1`] = `
<a
  className="link"
  data-abc="23) 4"
  data-def="8-90"
  data-ghi="7 (1"
  data-jkl="56-7"
  href="#phone"
  onClick={[Function]}
>
   
  Title
</a>
`;
