// Jest Snapshot v1, https://goo.gl/fbAQLP

exports[`matches snapshot 1`] = `
<li>
  <strong>
    Some work
  </strong>
</li>
`;

exports[`matches snapshot with GitHub repo 1`] = `
<li>
  <Link
    href="https://www.npmjs.com/package/angular-gulp-boilerplate"
  >
    <strong>
      Angular-Gulp-Boilerplate
    </strong>
  </Link>
   
  /
   
  <Link
    href="https://github.com/loginov-rocks/Angular-Gulp-Boilerplate"
  >
    GitHub
  </Link>
  <br />
  <GitHubWorkDetails
    repo={
      Object {
        "description": "Clean but full featured AngularJS boilerplate using Gulp workflow and best practices",
        "homepageUrl": "https://www.npmjs.com/package/angular-gulp-boilerplate",
        "isArchived": false,
        "language": "JavaScript",
        "latestTag": "v1.0.10",
        "name": "Angular-Gulp-Boilerplate",
        "stars": 29,
        "updatedAt": 1614276648000,
        "url": "https://github.com/loginov-rocks/Angular-Gulp-Boilerplate",
      }
    }
  />
</li>
`;
