// Jest Snapshot v1, https://goo.gl/fbAQLP

exports[`matches snapshot 1`] = `
<a
  href="https://example.com"
  rel="noopener noreferrer"
  target="_blank"
>
  Title
</a>
`;
