// Jest Snapshot v1, https://goo.gl/fbAQLP

exports[`matches snapshot 1`] = `
<Root>
  <nav>
    <Link
      to="/"
    >
      Home
    </Link>
    <Link
      to="/dolph"
    >
      Dolph
    </Link>
  </nav>
  <Suspense
    fallback={
      <em>
        Loading...
      </em>
    }
  >
    <Router>
      <DolphContainer
        path="dolph"
      />
      <Routes
        path="*"
      />
    </Router>
  </Suspense>
</Root>
`;
