// Jest Snapshot v1, https://goo.gl/fbAQLP

exports[`matches snapshot 1`] = `
<ul>
  <WorksListItem
    gitHubRepos={Array []}
    key="0"
    work="Some work"
  />
</ul>
`;
