// Jest Snapshot v1, https://goo.gl/fbAQLP

exports[`matches snapshot 1`] = `
<Fragment>
  <h1>
    Learning
  </h1>
  <nav>
    <Link
      to="/"
    >
      Home
    </Link>
     
    /
     
    Learning
  </nav>
</Fragment>
`;
