// Jest Snapshot v1, https://goo.gl/fbAQLP

exports[`getData gets GitHub data using API 1`] = `
[
  {
    "description": "Clean but full featured AngularJS boilerplate using Gulp workflow and best practices",
    "homepageUrl": "https://www.npmjs.com/package/angular-gulp-boilerplate",
    "isArchived": false,
    "language": "JavaScript",
    "latestTag": "v1.0.10",
    "name": "Angular-Gulp-Boilerplate",
    "stars": 29,
    "updatedAt": 1614276648000,
    "url": "https://github.com/loginov-rocks/Angular-Gulp-Boilerplate",
  },
  {
    "description": "Training Repository",
    "homepageUrl": "",
    "isArchived": false,
    "language": "JavaScript",
    "latestTag": "v1.0.10",
    "name": "Anticloud",
    "stars": 0,
    "updatedAt": 1614278791000,
    "url": "https://github.com/loginov-rocks/Anticloud",
  },
  {
    "description": "Training Repository",
    "homepageUrl": "",
    "isArchived": false,
    "language": "JavaScript",
    "latestTag": "v1.0.10",
    "name": "anticloud-server",
    "stars": 0,
    "updatedAt": 1614276807000,
    "url": "https://github.com/loginov-rocks/anticloud-server",
  },
]
`;
