// Jest Snapshot v1, https://goo.gl/fbAQLP

exports[`matches snapshot 1`] = `
<Fragment>
  <h1>
    Hello!
  </h1>
  <nav>
    Home
     
    /
     
    <Link
      to="/education"
    >
      Education
    </Link>
  </nav>
</Fragment>
`;
