// Jest Snapshot v1, https://goo.gl/fbAQLP

exports[`matches snapshot 1`] = `
<Fragment>
  <h2>
    Open Source
  </h2>
</Fragment>
`;
