// Jest Snapshot v1, https://goo.gl/fbAQLP

exports[`matches snapshot 1`] = `
<Root>
  <Suspense
    fallback={<SplashView />}
  >
    <Router>
      <DolphPage
        path="dolph"
      />
      <Routes
        path="*"
      />
    </Router>
  </Suspense>
</Root>
`;
