// Jest Snapshot v1, https://goo.gl/fbAQLP

exports[`matches snapshot 1`] = `
<WorksListItem
  gitHubId="Web-Bluetooth-Terminal"
/>
`;
